[studovna.eduxo.cz/v/informacni-site.html]
[static.gitbook.com/_next/static/css/1a094b73852c7cbb.css]
[static.gitbook.com/_next/static/css/c97de77d2de2b2d8.css]
[static.gitbook.com/_next/static/css/8a2fb91ea051f9c0.css]
[static.gitbook.com/_next/static/css/80ed8bcbaeedadc3.css]
[static.gitbook.com/_next/static/chunks/webpack-1224f1494bea356e.js]
[static.gitbook.com/_next/static/chunks/fd9d1056-f0a3a78ad7e4e98f.js]
[static.gitbook.com/_next/static/chunks/681-436f2917de52a41e.js]
[static.gitbook.com/_next/static/chunks/main-app-6fd8ef159a891618.js]
[static.gitbook.com/_next/static/chunks/app/global-error-68abbbaa888c02cb.js]
[static.gitbook.com/_next/static/chunks/f4e5f4e1-908bf29853b543b6.js]
[static.gitbook.com/_next/static/chunks/769-ca2b9db3ab029cc7.js]
[static.gitbook.com/_next/static/chunks/982-b271a6a23f36ce2c.js]
[static.gitbook.com/_next/static/chunks/app/(space)/layout-52eeb510eab9abee.js]
[static.gitbook.com/_next/static/chunks/app/(space)/error-22642d90214334da.js]
[static.gitbook.com/_next/static/chunks/423-315765f3c9cb50b6.js]
[static.gitbook.com/_next/static/chunks/236-b2597970eb610ae5.js]
[static.gitbook.com/_next/static/chunks/359-30244209d0e18aa6.js]
[static.gitbook.com/_next/static/chunks/361-0e2272de446e06b4.js]
[static.gitbook.com/_next/static/chunks/app/(space)/(content)/layout-7a2075220afec474.js]
[static.gitbook.com/_next/static/chunks/890-4dba659a3c088c61.js]
[static.gitbook.com/_next/static/chunks/317-053f552a11ca3e9e.js]
[static.gitbook.com/_next/static/chunks/891-60060a98dc97a1ed.js]
[backblue.gif]
[fade.gif]
[index.html]
[static.gitbook.com/_next/static/chunks/app/(space)/(content)/[[...pathname]]/page-4b4353e0b4a5c022.js]
[3819744812-files.gitbook.io/_/files/v0/b/gitbook-x-prod.appspot.com/o/collections/qGS6j6aMSjIacfLTlzwA/icon/L8cd12Mt9azCX0KYxJIH/eduxo_logo_v3_rmbg_3005586.png]
[static.gitbook.com/_next/static/chunks/polyfills-c67a75d1b6f99dc8.js]
[studovna.eduxo.cz/v/informacni-site/teorie/readme/doporucena-literatura.html]
[studovna.eduxo.cz/v/informacni-site/teorie/readme/online-kurzy.html]
[studovna.eduxo.cz/v/informacni-site/teorie/readme/odkazy.html]
[studovna.eduxo.cz/v/informacni-site/teorie/uvod-do-pocitacovych-siti/komunikace-v-siti.html]
[studovna.eduxo.cz/v/informacni-site/teorie/uvod-do-pocitacovych-siti.html]
[studovna.eduxo.cz/v/informacni-site/teorie/uvod-do-pocitacovych-siti/zakladni-pojmy.html]
[studovna.eduxo.cz/v/informacni-site/teorie/uvod-do-pocitacovych-siti/topologie-siti.html]
[studovna.eduxo.cz/v/informacni-site/teorie/uvod-do-pocitacovych-siti/topologie-siti/graficke-vyjadreni-site.html]
[studovna.eduxo.cz/v/informacni-site/teorie/uvod-do-pocitacovych-siti/architektura-a-design-siti.html]
[studovna.eduxo.cz/v/informacni-site/teorie/uvod-do-pocitacovych-siti/pripojeni-do-site.html]
[studovna.eduxo.cz/v/informacni-site/teorie/uvod-do-pocitacovych-siti/domaci-site.html]
[studovna.eduxo.cz/v/informacni-site/teorie/uvod-do-pocitacovych-siti/pripojeni-k-internetu.html]
[studovna.eduxo.cz/v/informacni-site/teorie/uvod-do-pocitacovych-siti/navrh-a-realizace-jednoduche-site.html]
[studovna.eduxo.cz/v/informacni-site/teorie/referencni-sitove-modely.html]
[studovna.eduxo.cz/v/informacni-site/teorie/referencni-sitove-modely/model_iso-osi.html]
[studovna.eduxo.cz/v/informacni-site/teorie/referencni-sitove-modely/model_iso-osi/l1-fyzicka-vrstva.html]
[studovna.eduxo.cz/v/informacni-site/teorie/referencni-sitove-modely/model_iso-osi/l2-linkova-vrstava.html]
[studovna.eduxo.cz/v/informacni-site/teorie/referencni-sitove-modely/model_iso-osi/l3-sitova-vrstva.html]
[studovna.eduxo.cz/v/informacni-site/teorie/referencni-sitove-modely/model_iso-osi/l4-transportni-vrstva.html]
[studovna.eduxo.cz/v/informacni-site/teorie/referencni-sitove-modely/model_iso-osi/l5-relacni-vrstva.html]
[studovna.eduxo.cz/v/informacni-site/teorie/referencni-sitove-modely/model_iso-osi/l6-prezentacni-vrstva.html]
[studovna.eduxo.cz/v/informacni-site/teorie/referencni-sitove-modely/model_iso-osi/l7-aplikacni-vrstva.html]
[studovna.eduxo.cz/v/informacni-site/teorie/referencni-sitove-modely/model_tcp-ip.html]
[studovna.eduxo.cz/v/informacni-site/teorie/hardware-pocitacovych-siti.html]
[studovna.eduxo.cz/v/informacni-site/teorie/hardware-pocitacovych-siti/pasivni-prvky-site.html]
[studovna.eduxo.cz/v/informacni-site/teorie/hardware-pocitacovych-siti/pasivni-prvky-site/strukturovana-kabelaz.html]
[studovna.eduxo.cz/v/informacni-site/teorie/hardware-pocitacovych-siti/pasivni-prvky-site/metalicka-prenosova-media.html]
[studovna.eduxo.cz/v/informacni-site/teorie/hardware-pocitacovych-siti/pasivni-prvky-site/opticke-kabely.html]
[studovna.eduxo.cz/v/informacni-site/teorie/hardware-pocitacovych-siti/aktivni-prvky-site.html]
[studovna.eduxo.cz/v/informacni-site/teorie/adresovani-v-siti.html]
[studovna.eduxo.cz/v/informacni-site/teorie/adresovani-v-siti/mac-adresa.html]
[studovna.eduxo.cz/v/informacni-site/teorie/adresovani-v-siti/mac-adresa/arp.html]
[studovna.eduxo.cz/v/informacni-site/teorie/adresovani-v-siti/adresace-ipv4.html]
[studovna.eduxo.cz/v/informacni-site/teorie/adresovani-v-siti/adresace-ipv4/podsite.html]
[studovna.eduxo.cz/v/informacni-site/teorie/adresovani-v-siti/adresace-ipv4/icmp.html]
[studovna.eduxo.cz/v/informacni-site/teorie/adresovani-v-siti/adresace-ipv4/dhcp.html]
[studovna.eduxo.cz/v/informacni-site/teorie/adresovani-v-siti/adresace-ipv4/dhcp/dhcpv4-server-na-cisco-ios.html]
[studovna.eduxo.cz/v/informacni-site/teorie/adresovani-v-siti/adresace-ipv4/dhcp/dhcpv4-server-na-linux.html]
[studovna.eduxo.cz/v/informacni-site/teorie/adresovani-v-siti/adresace-ipv4/dhcp/utoky-na-dhcp.html]
[studovna.eduxo.cz/v/informacni-site/teorie/adresovani-v-siti/adresace-ipv6.html]
[studovna.eduxo.cz/v/informacni-site/teorie/adresovani-v-siti/tcp-a-udp-porty.html]
[studovna.eduxo.cz/v/informacni-site/teorie/adresovani-v-siti/dns.html]
[studovna.eduxo.cz/v/informacni-site/teorie/switching-prepinani.html]
[studovna.eduxo.cz/v/informacni-site/teorie/switching-prepinani/koncept-prepinani.html]
[studovna.eduxo.cz/v/informacni-site/teorie/switching-prepinani/vlan.html]
[studovna.eduxo.cz/v/informacni-site/teorie/switching-prepinani/smerovani-mezi-vlan.html]
[studovna.eduxo.cz/v/informacni-site/teorie/switching-prepinani/stp.html]
[studovna.eduxo.cz/v/informacni-site/teorie/switching-prepinani/etherchannel.html]
[studovna.eduxo.cz/v/informacni-site/teorie/switching-prepinani/zabezpeceni-prepinace.html]
[studovna.eduxo.cz/v/informacni-site/teorie/routing-smerovani.html]
[studovna.eduxo.cz/v/informacni-site/teorie/routing-smerovani/koncept-smerovani.html]
[studovna.eduxo.cz/v/informacni-site/teorie/routing-smerovani/staticke-smerovani.html]
[studovna.eduxo.cz/v/informacni-site/teorie/routing-smerovani/default-routes.html]
[studovna.eduxo.cz/v/informacni-site/teorie/routing-smerovani/dynamicke-smerovani.html]
[studovna.eduxo.cz/v/informacni-site/teorie/routing-smerovani/dynamicke-smerovani/rip.html]
[studovna.eduxo.cz/v/informacni-site/teorie/routing-smerovani/dynamicke-smerovani/single-area-ospfv2.html]
[studovna.eduxo.cz/v/informacni-site/teorie/routing-smerovani/dynamicke-smerovani/bgp.html]
[studovna.eduxo.cz/v/informacni-site/teorie/routing-smerovani/fhrp.html]
[studovna.eduxo.cz/v/informacni-site/teorie/bezdratove-site.html]
[studovna.eduxo.cz/v/informacni-site/teorie/bezdratove-site/bezdratova-media.html]
[studovna.eduxo.cz/v/informacni-site/teorie/sprava-pocitacove-site.html]
[studovna.eduxo.cz/v/informacni-site/teorie/sprava-pocitacove-site/protokoly-pro-spravu-site.html]
[studovna.eduxo.cz/v/informacni-site/teorie/sprava-pocitacove-site/protokoly-pro-spravu-site/ntp.html]
[studovna.eduxo.cz/v/informacni-site/teorie/sprava-pocitacove-site/protokoly-pro-spravu-site/snmp.html]
[studovna.eduxo.cz/v/informacni-site/teorie/sprava-pocitacove-site/protokoly-pro-spravu-site/syslog.html]
[studovna.eduxo.cz/v/informacni-site/teorie/sprava-pocitacove-site/vzdalena-sprava.html]
[studovna.eduxo.cz/v/informacni-site/teorie/sprava-pocitacove-site/vzdalena-sprava/ssh.html]
[studovna.eduxo.cz/v/informacni-site/teorie/sprava-pocitacove-site/vzdalena-sprava/rdp.html]
[studovna.eduxo.cz/v/informacni-site/teorie/sprava-pocitacove-site/qos.html]
[studovna.eduxo.cz/v/informacni-site/teorie/sprava-pocitacove-site/load-balancer.html]
[studovna.eduxo.cz/v/informacni-site/teorie/sprava-pocitacove-site/sdn.html]
[studovna.eduxo.cz/v/informacni-site/teorie/sprava-pocitacove-site/virtualizace-siti.html]
[studovna.eduxo.cz/v/informacni-site/teorie/sprava-pocitacove-site/automatizace-site.html]
[studovna.eduxo.cz/v/informacni-site/teorie/zabezpeceni-pocitacove-site.html]
[studovna.eduxo.cz/v/informacni-site/teorie/zabezpeceni-pocitacove-site/zasady-zabezpeceni-site.html]
[studovna.eduxo.cz/v/informacni-site/teorie/zabezpeceni-pocitacove-site/fyzicka-bezpecnost.html]
[studovna.eduxo.cz/v/informacni-site/teorie/zabezpeceni-pocitacove-site/segmentace-site.html]
[studovna.eduxo.cz/v/informacni-site/teorie/zabezpeceni-pocitacove-site/segmentace-site/dmz.html]
[studovna.eduxo.cz/v/informacni-site/teorie/zabezpeceni-pocitacove-site/ochrana-na-rozhrani-site.html]
[studovna.eduxo.cz/v/informacni-site/teorie/zabezpeceni-pocitacove-site/ochrana-na-rozhrani-site/firewall.html]
[studovna.eduxo.cz/v/informacni-site/teorie/zabezpeceni-pocitacove-site/ochrana-na-rozhrani-site/firewall/access-control-list-acl.html]
[studovna.eduxo.cz/v/informacni-site/teorie/zabezpeceni-pocitacove-site/ochrana-na-rozhrani-site/firewall/stavovy-firewall.html]
[studovna.eduxo.cz/v/informacni-site/teorie/zabezpeceni-pocitacove-site/ochrana-na-rozhrani-site/firewall/aplikacni-brany.html]
[studovna.eduxo.cz/v/informacni-site/teorie/zabezpeceni-pocitacove-site/ochrana-na-rozhrani-site/ids-ips.html]
[studovna.eduxo.cz/v/informacni-site/teorie/zabezpeceni-pocitacove-site/ochrana-na-rozhrani-site/vpn-a-ipsec.html]
[studovna.eduxo.cz/v/informacni-site/teorie/zabezpeceni-pocitacove-site/proxy-servery.html]
[studovna.eduxo.cz/v/informacni-site/teorie/zabezpeceni-pocitacove-site/kontrola-a-rizeni-pristupu.html]
[studovna.eduxo.cz/v/informacni-site/teorie/zabezpeceni-pocitacove-site/autentizace-smerovacich-protokolu.html]
[studovna.eduxo.cz/v/informacni-site/teorie/zabezpeceni-pocitacove-site/endpoint-security.html]
[studovna.eduxo.cz/v/informacni-site/teorie/dohled-nad-pocitacovou-siti.html]
[studovna.eduxo.cz/v/informacni-site/teorie/dohled-nad-pocitacovou-siti/log-management.html]
[studovna.eduxo.cz/v/informacni-site/teorie/dohled-nad-pocitacovou-siti/monitoring-provozu.html]
[studovna.eduxo.cz/v/informacni-site/teorie/dohled-nad-pocitacovou-siti/provozni-monitoring.html]
[studovna.eduxo.cz/v/informacni-site/teorie/dohled-nad-pocitacovou-siti/provozni-monitoring/zabbix.html]
[studovna.eduxo.cz/v/informacni-site/teorie/dohled-nad-pocitacovou-siti/provozni-monitoring/cacti.html]
[studovna.eduxo.cz/v/informacni-site/teorie/dohled-nad-pocitacovou-siti/nsm.html]
[studovna.eduxo.cz/v/informacni-site/teorie/dohled-nad-pocitacovou-siti/edr.html]
[studovna.eduxo.cz/v/informacni-site/teorie/dohled-nad-pocitacovou-siti/ndr.html]
[studovna.eduxo.cz/v/informacni-site/cviceni/cviceni-adresovani-v-siti.html]
[studovna.eduxo.cz/v/informacni-site/cviceni/cviceni-adresovani-v-siti/ipv4.html]
[studovna.eduxo.cz/v/informacni-site/cviceni/cviceni-adresovani-v-siti/ipv4/workbooks.html]
[studovna.eduxo.cz/v/informacni-site/cviceni/cviceni-adresovani-v-siti/ipv4/subnetting-priklady.html]
[studovna.eduxo.cz/v/informacni-site/cviceni/cviceni-adresovani-v-siti/ipv4/subnetting-otazky.html]
[studovna.eduxo.cz/v/informacni-site/cviceni/cisco-network.html]
[studovna.eduxo.cz/v/informacni-site/cviceni/cisco-network/cviceni-administrativni-konfigurace.html]
[studovna.eduxo.cz/v/informacni-site/cviceni/cisco-network/cviceni-konfigurace-rozhrani.html]
[studovna.eduxo.cz/v/informacni-site/cviceni/cisco-network/cviceni-zabezpeceni-systemu.html]
[studovna.eduxo.cz/v/informacni-site/cviceni/cisco-network/cviceni-obnova-pristupu-k-zarizeni.html]
[studovna.eduxo.cz/v/informacni-site/cviceni/cisco-network/cviceni-zaloha-a-obnova-konfigurace.html]
[studovna.eduxo.cz/v/informacni-site/cviceni/cisco-network/cviceni-zaloha-a-obnova-systemu-ios.html]
[studovna.eduxo.cz/v/informacni-site/cviceni/cisco-network/cviceni-vlan.html]
[studovna.eduxo.cz/v/informacni-site/cviceni/cisco-network/cviceni-dtp-a-vtp.html]
[studovna.eduxo.cz/v/informacni-site/cviceni/cisco-network/cvicni-smerovani-mezi-vlan.html]
[studovna.eduxo.cz/v/informacni-site/cviceni/cisco-network/cviceni-stp.html]
[studovna.eduxo.cz/v/informacni-site/cviceni/cisco-network/cviceni-etherchannel.html]
[studovna.eduxo.cz/v/informacni-site/cviceni/cisco-network/cviceni-zabezpeceni-prepinace.html]
[studovna.eduxo.cz/v/rocket-loader.min.html]
[3819744812-files.gitbook.io/_/files/v0/b/gitbook-x-prod.appspot.com/o/collections/qGS6j6aMSjIacfLTlzwA/icon/L8cd12Mt9azCX0KYxJIH/eduxo_logo_v3_rmbg_30068cf.png]
[studovna.eduxo.cz/v/informacni-site.html]
[static.gitbook.com/_next/static/css/1a094b73852c7cbb.css]
[static.gitbook.com/_next/static/css/c97de77d2de2b2d8.css]
[static.gitbook.com/_next/static/css/8a2fb91ea051f9c0.css]
[static.gitbook.com/_next/static/css/80ed8bcbaeedadc3.css]
[studovna.eduxo.cz/v/informacni-site/index.html]
[studovna.eduxo.cz/v/operacni-systemy/index.html]
[studovna.eduxo.cz/v/operacni-systemy.html]
[studovna.eduxo.cz/v/kyberneticka-bezpecnost/index.html]
[studovna.eduxo.cz/v/kyberneticka-bezpecnost.html]
[studovna.eduxo.cz/v/informacni-site/teorie/readme/doporucena-literatura.html]
[studovna.eduxo.cz/v/informacni-site/teorie/readme/online-kurzy.html]
[studovna.eduxo.cz/v/informacni-site/teorie/readme/odkazy.html]
[studovna.eduxo.cz/v/informacni-site/teorie/readme/rocket-loader.min.html]
[studovna.eduxo.cz/v/informacni-site/teorie/rocket-loader.min.html]
[cdn.iframe.ly/embed.js]
[studovna.eduxo.cz/v/informacni-site/teorie/uvod-do-pocitacovych-siti.html]
[studovna.eduxo.cz/v/informacni-site/teorie/uvod-do-pocitacovych-siti/rocket-loader.min.html]
[studovna.eduxo.cz/v/informacni-site/teorie/uvod-do-pocitacovych-siti/komunikace-v-siti.html]
[studovna.eduxo.cz/v/informacni-site/teorie/uvod-do-pocitacovych-siti/zakladni-pojmy.html]
[studovna.eduxo.cz/v/informacni-site/teorie/uvod-do-pocitacovych-siti/topologie-siti.html]
[studovna.eduxo.cz/v/informacni-site/teorie/uvod-do-pocitacovych-siti/topologie-siti/graficke-vyjadreni-site.html]
[studovna.eduxo.cz/v/informacni-site/teorie/uvod-do-pocitacovych-siti/topologie-siti/rocket-loader.min.html]
[studovna.eduxo.cz/v/informacni-site/teorie/uvod-do-pocitacovych-siti/architektura-a-design-siti.html]
[studovna.eduxo.cz/v/informacni-site/teorie/uvod-do-pocitacovych-siti/pripojeni-do-site.html]
[studovna.eduxo.cz/v/informacni-site/teorie/uvod-do-pocitacovych-siti/domaci-site.html]
[studovna.eduxo.cz/v/informacni-site/teorie/uvod-do-pocitacovych-siti/pripojeni-k-internetu.html]
[studovna.eduxo.cz/v/informacni-site/teorie/uvod-do-pocitacovych-siti/navrh-a-realizace-jednoduche-site.html]
[studovna.eduxo.cz/v/informacni-site/teorie/referencni-sitove-modely.html]
[studovna.eduxo.cz/v/informacni-site/teorie/referencni-sitove-modely/rocket-loader.min.html]
[studovna.eduxo.cz/v/informacni-site/teorie/referencni-sitove-modely/model_iso-osi.html]
[studovna.eduxo.cz/v/informacni-site/teorie/referencni-sitove-modely/model_iso-osi/l1-fyzicka-vrstva.html]
[studovna.eduxo.cz/v/informacni-site/teorie/referencni-sitove-modely/model_iso-osi/rocket-loader.min.html]
[studovna.eduxo.cz/v/informacni-site/teorie/referencni-sitove-modely/model_iso-osi/l2-linkova-vrstava.html]
[studovna.eduxo.cz/v/informacni-site/teorie/referencni-sitove-modely/model_iso-osi/l3-sitova-vrstva.html]
[studovna.eduxo.cz/v/informacni-site/teorie/referencni-sitove-modely/model_iso-osi/l4-transportni-vrstva.html]
[studovna.eduxo.cz/v/informacni-site/teorie/referencni-sitove-modely/model_iso-osi/l5-relacni-vrstva.html]
[studovna.eduxo.cz/v/informacni-site/teorie/referencni-sitove-modely/model_iso-osi/l6-prezentacni-vrstva.html]
[studovna.eduxo.cz/v/informacni-site/teorie/referencni-sitove-modely/model_iso-osi/l7-aplikacni-vrstva.html]
[studovna.eduxo.cz/v/informacni-site/teorie/referencni-sitove-modely/model_tcp-ip.html]
[studovna.eduxo.cz/v/informacni-site/teorie/hardware-pocitacovych-siti.html]
[studovna.eduxo.cz/v/informacni-site/teorie/hardware-pocitacovych-siti/pasivni-prvky-site.html]
[studovna.eduxo.cz/v/informacni-site/teorie/hardware-pocitacovych-siti/rocket-loader.min.html]
[studovna.eduxo.cz/v/informacni-site/teorie/hardware-pocitacovych-siti/pasivni-prvky-site/strukturovana-kabelaz.html]
[studovna.eduxo.cz/v/informacni-site/teorie/hardware-pocitacovych-siti/pasivni-prvky-site/rocket-loader.min.html]
[studovna.eduxo.cz/v/informacni-site/teorie/hardware-pocitacovych-siti/pasivni-prvky-site/metalicka-prenosova-media.html]
[cs.wikipedia.org/static/apple-touch/wikipedia.png]
[studovna.eduxo.cz/v/informacni-site/teorie/hardware-pocitacovych-siti/pasivni-prvky-site/opticke-kabely.html]
[studovna.eduxo.cz/v/informacni-site/teorie/hardware-pocitacovych-siti/aktivni-prvky-site.html]
[studovna.eduxo.cz/v/informacni-site/teorie/adresovani-v-siti.html]
[studovna.eduxo.cz/v/informacni-site/teorie/adresovani-v-siti/rocket-loader.min.html]
[studovna.eduxo.cz/v/informacni-site/teorie/adresovani-v-siti/mac-adresa.html]
[studovna.eduxo.cz/v/informacni-site/teorie/adresovani-v-siti/mac-adresa/arp.html]
[studovna.eduxo.cz/v/informacni-site/teorie/adresovani-v-siti/mac-adresa/rocket-loader.min.html]
[studovna.eduxo.cz/v/informacni-site/teorie/adresovani-v-siti/adresace-ipv4.html]
[studovna.eduxo.cz/v/informacni-site/teorie/adresovani-v-siti/adresace-ipv4/rocket-loader.min.html]
[studovna.eduxo.cz/v/informacni-site/teorie/adresovani-v-siti/adresace-ipv4/podsite.html]
[studovna.eduxo.cz/v/informacni-site/teorie/adresovani-v-siti/adresace-ipv4/icmp.html]
[studovna.eduxo.cz/v/informacni-site/teorie/adresovani-v-siti/adresace-ipv4/dhcp.html]
[studovna.eduxo.cz/v/informacni-site/teorie/adresovani-v-siti/adresace-ipv4/dhcp/dhcpv4-server-na-cisco-ios.html]
[studovna.eduxo.cz/v/informacni-site/teorie/adresovani-v-siti/adresace-ipv4/dhcp/dhcpv4-server-na-linux.html]
[studovna.eduxo.cz/v/informacni-site/teorie/adresovani-v-siti/adresace-ipv4/dhcp/rocket-loader.min.html]
[studovna.eduxo.cz/v/informacni-site/teorie/adresovani-v-siti/adresace-ipv4/dhcp/utoky-na-dhcp.html]
[studovna.eduxo.cz/v/informacni-site/teorie/adresovani-v-siti/adresace-ipv6.html]
[studovna.eduxo.cz/v/informacni-site/teorie/adresovani-v-siti/tcp-a-udp-porty.html]
[studovna.eduxo.cz/v/informacni-site/teorie/adresovani-v-siti/dns.html]
[studovna.eduxo.cz/v/informacni-site/teorie/switching-prepinani.html]
[studovna.eduxo.cz/v/informacni-site/teorie/switching-prepinani/koncept-prepinani.html]
[studovna.eduxo.cz/v/informacni-site/teorie/switching-prepinani/rocket-loader.min.html]
[studovna.eduxo.cz/v/informacni-site/teorie/switching-prepinani/vlan.html]
[studovna.eduxo.cz/v/informacni-site/teorie/switching-prepinani/smerovani-mezi-vlan.html]
[studovna.eduxo.cz/v/informacni-site/teorie/switching-prepinani/stp.html]
[studovna.eduxo.cz/v/informacni-site/teorie/switching-prepinani/etherchannel.html]
[studovna.eduxo.cz/v/informacni-site/teorie/switching-prepinani/zabezpeceni-prepinace.html]
[studovna.eduxo.cz/v/informacni-site/teorie/routing-smerovani.html]
[studovna.eduxo.cz/v/informacni-site/teorie/routing-smerovani/koncept-smerovani.html]
[studovna.eduxo.cz/v/informacni-site/teorie/routing-smerovani/rocket-loader.min.html]
[studovna.eduxo.cz/v/informacni-site/teorie/routing-smerovani/staticke-smerovani.html]
[studovna.eduxo.cz/v/informacni-site/teorie/routing-smerovani/default-routes.html]
[studovna.eduxo.cz/v/informacni-site/teorie/routing-smerovani/dynamicke-smerovani.html]
[studovna.eduxo.cz/v/informacni-site/teorie/routing-smerovani/dynamicke-smerovani/rip.html]
[studovna.eduxo.cz/v/informacni-site/teorie/routing-smerovani/dynamicke-smerovani/single-area-ospfv2.html]
[studovna.eduxo.cz/v/informacni-site/teorie/routing-smerovani/dynamicke-smerovani/bgp.html]
[studovna.eduxo.cz/v/informacni-site/teorie/routing-smerovani/dynamicke-smerovani/rocket-loader.min.html]
[studovna.eduxo.cz/v/informacni-site/teorie/routing-smerovani/fhrp.html]
[studovna.eduxo.cz/v/informacni-site/teorie/bezdratove-site.html]
[studovna.eduxo.cz/v/informacni-site/teorie/bezdratove-site/bezdratova-media.html]
[studovna.eduxo.cz/v/informacni-site/teorie/sprava-pocitacove-site.html]
[studovna.eduxo.cz/v/informacni-site/teorie/bezdratove-site/rocket-loader.min.html]
[studovna.eduxo.cz/v/informacni-site/teorie/sprava-pocitacove-site/protokoly-pro-spravu-site.html]
[studovna.eduxo.cz/v/informacni-site/teorie/sprava-pocitacove-site/rocket-loader.min.html]
[doc.baptiste-dauphin.com/src/ntp_stratum.png]
[studovna.eduxo.cz/v/informacni-site/teorie/sprava-pocitacove-site/protokoly-pro-spravu-site/rocket-loader.min.html]
[studovna.eduxo.cz/v/informacni-site/teorie/sprava-pocitacove-site/protokoly-pro-spravu-site/ntp.html]
[studovna.eduxo.cz/v/informacni-site/teorie/sprava-pocitacove-site/protokoly-pro-spravu-site/snmp.html]
[studovna.eduxo.cz/v/informacni-site/teorie/sprava-pocitacove-site/protokoly-pro-spravu-site/syslog.html]
[studovna.eduxo.cz/v/informacni-site/teorie/sprava-pocitacove-site/vzdalena-sprava.html]
[studovna.eduxo.cz/v/informacni-site/teorie/sprava-pocitacove-site/vzdalena-sprava/ssh.html]
[studovna.eduxo.cz/v/informacni-site/teorie/sprava-pocitacove-site/vzdalena-sprava/rdp.html]
[studovna.eduxo.cz/v/informacni-site/teorie/sprava-pocitacove-site/qos.html]
[studovna.eduxo.cz/v/informacni-site/teorie/sprava-pocitacove-site/vzdalena-sprava/rocket-loader.min.html]
[studovna.eduxo.cz/v/informacni-site/teorie/sprava-pocitacove-site/load-balancer.html]
[studovna.eduxo.cz/v/informacni-site/teorie/sprava-pocitacove-site/sdn.html]
[studovna.eduxo.cz/v/informacni-site/teorie/sprava-pocitacove-site/virtualizace-siti.html]
[studovna.eduxo.cz/v/informacni-site/teorie/sprava-pocitacove-site/automatizace-site.html]
[studovna.eduxo.cz/v/informacni-site/teorie/zabezpeceni-pocitacove-site.html]
[learn.cisecurity.org/l/799323/2022-01-26/p54vf/799323/1643219921nKf5f7lL/CIS_favicon_500x500.ca.delayed]
[storage.pardot.com/799323/164323028223gdadg7/CIS_favicon_500x500__1_.png]
[studovna.eduxo.cz/v/informacni-site/teorie/zabezpeceni-pocitacove-site/rocket-loader.min.html]
[studovna.eduxo.cz/v/informacni-site/teorie/zabezpeceni-pocitacove-site/zasady-zabezpeceni-site.html]
[studovna.eduxo.cz/v/informacni-site/teorie/zabezpeceni-pocitacove-site/fyzicka-bezpecnost.html]
[studovna.eduxo.cz/v/informacni-site/teorie/zabezpeceni-pocitacove-site/segmentace-site.html]
[studovna.eduxo.cz/v/informacni-site/teorie/zabezpeceni-pocitacove-site/segmentace-site/dmz.html]
[studovna.eduxo.cz/v/informacni-site/teorie/zabezpeceni-pocitacove-site/ochrana-na-rozhrani-site.html]
[studovna.eduxo.cz/v/informacni-site/teorie/zabezpeceni-pocitacove-site/segmentace-site/rocket-loader.min.html]
[studovna.eduxo.cz/v/informacni-site/teorie/zabezpeceni-pocitacove-site/ochrana-na-rozhrani-site/firewall.html]
[studovna.eduxo.cz/v/informacni-site/teorie/zabezpeceni-pocitacove-site/ochrana-na-rozhrani-site/rocket-loader.min.html]
[studovna.eduxo.cz/v/informacni-site/teorie/zabezpeceni-pocitacove-site/ochrana-na-rozhrani-site/firewall/access-control-list-acl.html]
[studovna.eduxo.cz/v/informacni-site/teorie/zabezpeceni-pocitacove-site/ochrana-na-rozhrani-site/firewall/stavovy-firewall.html]
[studovna.eduxo.cz/v/informacni-site/teorie/zabezpeceni-pocitacove-site/ochrana-na-rozhrani-site/firewall/aplikacni-brany.html]
[studovna.eduxo.cz/v/informacni-site/teorie/zabezpeceni-pocitacove-site/ochrana-na-rozhrani-site/ids-ips.html]
[studovna.eduxo.cz/v/informacni-site/teorie/zabezpeceni-pocitacove-site/ochrana-na-rozhrani-site/vpn-a-ipsec.html]
[studovna.eduxo.cz/v/informacni-site/teorie/zabezpeceni-pocitacove-site/proxy-servery.html]
[studovna.eduxo.cz/v/informacni-site/teorie/zabezpeceni-pocitacove-site/ochrana-na-rozhrani-site/firewall/rocket-loader.min.html]
[studovna.eduxo.cz/v/informacni-site/teorie/zabezpeceni-pocitacove-site/kontrola-a-rizeni-pristupu.html]
[studovna.eduxo.cz/v/informacni-site/teorie/zabezpeceni-pocitacove-site/autentizace-smerovacich-protokolu.html]
[studovna.eduxo.cz/v/informacni-site/teorie/zabezpeceni-pocitacove-site/endpoint-security.html]
[studovna.eduxo.cz/v/informacni-site/teorie/dohled-nad-pocitacovou-siti.html]
[studovna.eduxo.cz/v/informacni-site/teorie/dohled-nad-pocitacovou-siti/log-management.html]
[studovna.eduxo.cz/v/informacni-site/teorie/dohled-nad-pocitacovou-siti/monitoring-provozu.html]
[studovna.eduxo.cz/v/informacni-site/teorie/dohled-nad-pocitacovou-siti/provozni-monitoring.html]
[studovna.eduxo.cz/v/informacni-site/teorie/dohled-nad-pocitacovou-siti/rocket-loader.min.html]
[studovna.eduxo.cz/v/informacni-site/teorie/dohled-nad-pocitacovou-siti/provozni-monitoring/zabbix.html]
[studovna.eduxo.cz/v/informacni-site/teorie/dohled-nad-pocitacovou-siti/provozni-monitoring/cacti.html]
[studovna.eduxo.cz/v/informacni-site/teorie/dohled-nad-pocitacovou-siti/nsm.html]
[studovna.eduxo.cz/v/informacni-site/teorie/dohled-nad-pocitacovou-siti/edr.html]
[studovna.eduxo.cz/v/informacni-site/teorie/dohled-nad-pocitacovou-siti/ndr.html]
[studovna.eduxo.cz/v/informacni-site/teorie/dohled-nad-pocitacovou-siti/provozni-monitoring/rocket-loader.min.html]
[studovna.eduxo.cz/v/informacni-site/cviceni/cviceni-adresovani-v-siti.html]
[studovna.eduxo.cz/v/informacni-site/cviceni/rocket-loader.min.html]
[studovna.eduxo.cz/v/informacni-site/cviceni/cviceni-adresovani-v-siti/ipv4.html]
[studovna.eduxo.cz/v/informacni-site/cviceni/cviceni-adresovani-v-siti/rocket-loader.min.html]
[studovna.eduxo.cz/v/informacni-site/cviceni/cviceni-adresovani-v-siti/ipv4/workbooks.html]
[studovna.eduxo.cz/v/informacni-site/cviceni/cviceni-adresovani-v-siti/ipv4/rocket-loader.min.html]
[studovna.eduxo.cz/v/informacni-site/cviceni/cviceni-adresovani-v-siti/ipv4/subnetting-priklady.html]
[studovna.eduxo.cz/v/informacni-site/cviceni/cviceni-adresovani-v-siti/ipv4/subnetting-otazky.html]
[studovna.eduxo.cz/v/informacni-site/cviceni/cisco-network.html]
[studovna.eduxo.cz/v/informacni-site/cviceni/cisco-network/rocket-loader.min.html]
[studovna.eduxo.cz/v/informacni-site/cviceni/cisco-network/cviceni-administrativni-konfigurace.html]
[studovna.eduxo.cz/v/informacni-site/cviceni/cisco-network/cviceni-konfigurace-rozhrani.html]
[studovna.eduxo.cz/v/informacni-site/cviceni/cisco-network/cviceni-zabezpeceni-systemu.html]
[studovna.eduxo.cz/v/informacni-site/cviceni/cisco-network/cviceni-obnova-pristupu-k-zarizeni.html]
[studovna.eduxo.cz/v/informacni-site/cviceni/cisco-network/cviceni-zaloha-a-obnova-konfigurace.html]
[studovna.eduxo.cz/v/informacni-site/cviceni/cisco-network/cviceni-zaloha-a-obnova-systemu-ios.html]
[studovna.eduxo.cz/v/informacni-site/cviceni/cisco-network/cviceni-vlan.html]
[studovna.eduxo.cz/v/informacni-site/cviceni/cisco-network/cviceni-dtp-a-vtp.html]
[studovna.eduxo.cz/v/informacni-site/cviceni/cisco-network/cvicni-smerovani-mezi-vlan.html]
[studovna.eduxo.cz/v/informacni-site/cviceni/cisco-network/cviceni-stp.html]
[studovna.eduxo.cz/v/informacni-site/cviceni/cisco-network/cviceni-etherchannel.html]
[studovna.eduxo.cz/v/informacni-site/cviceni/cisco-network/cviceni-zabezpeceni-prepinace.html]
[studovna.eduxo.cz/v/rocket-loader.min.html]
[studovna.eduxo.cz/v/operacni-systemy/teorie/readme/doporucena-literatura.html]
[studovna.eduxo.cz/v/operacni-systemy/teorie/readme/online-kurzy.html]
[studovna.eduxo.cz/v/operacni-systemy/teorie/readme/odkazy.html]
[studovna.eduxo.cz/v/operacni-systemy/teorie/uvod-do-operacnich-systemu/operacni-system.html]
[studovna.eduxo.cz/v/operacni-systemy/teorie/uvod-do-operacnich-systemu.html]
[studovna.eduxo.cz/v/operacni-systemy/teorie/uvod-do-operacnich-systemu/druhy-os.html]
[studovna.eduxo.cz/v/operacni-systemy/teorie/uvod-do-operacnich-systemu/aplikacni-software.html]
[studovna.eduxo.cz/v/operacni-systemy/teorie/uvod-do-operacnich-systemu/aplikacni-software/autorska-prava.html]
[studovna.eduxo.cz/v/operacni-systemy/teorie/uvod-do-operacnich-systemu/aplikacni-software/komunikacni-software.html]
[studovna.eduxo.cz/v/operacni-systemy/teorie/uvod-do-operacnich-systemu/aplikacni-software/organizace-casu-a-planovani.html]
[studovna.eduxo.cz/v/operacni-systemy/teorie/uvod-do-operacnich-systemu/aplikacni-software/nastroje-pro-spolupraci.html]
[studovna.eduxo.cz/v/operacni-systemy/teorie/uvod-do-operacnich-systemu/aplikacni-software/nastroje-pro-spolupraci/cloudove-uloziste-se-spravou-verzi.html]
[studovna.eduxo.cz/v/operacni-systemy/teorie/uvod-do-operacnich-systemu/aplikacni-software/nastroje-pro-spolupraci/nastroje-pro-rizeni-projektu.html]
[studovna.eduxo.cz/v/operacni-systemy/teorie/uvod-do-operacnich-systemu/soubory-a-adresare.html]
[studovna.eduxo.cz/v/operacni-systemy/teorie/uvod-do-operacnich-systemu/souborove-systemy.html]
[studovna.eduxo.cz/v/operacni-systemy/teorie/uvod-do-operacnich-systemu/archivace-a-zalohovani.html]
[studovna.eduxo.cz/v/operacni-systemy/teorie/uvod-do-operacnich-systemu/komprimace-dat.html]
[studovna.eduxo.cz/v/operacni-systemy/teorie/windows.html]
[studovna.eduxo.cz/v/operacni-systemy/teorie/linux.html]
[studovna.eduxo.cz/v/operacni-systemy/teorie/sitove-sluzby-os.html]
[studovna.eduxo.cz/v/operacni-systemy/teorie/sitove-sluzby-os/server.html]
[studovna.eduxo.cz/v/operacni-systemy/teorie/sitove-sluzby-os/server/kapacita-a-zatizeni.html]
[studovna.eduxo.cz/v/operacni-systemy/teorie/sitove-sluzby-os/server/dimenzovani-serveru-a-systemu.html]
[studovna.eduxo.cz/v/operacni-systemy/teorie/sitove-sluzby-os/server/upgrady-serveru.html]
[studovna.eduxo.cz/v/operacni-systemy/teorie/sitove-sluzby-os/windows-server.html]
[studovna.eduxo.cz/v/operacni-systemy/teorie/sitove-sluzby-os/windows-server/active-directory.html]
[studovna.eduxo.cz/v/operacni-systemy/teorie/sitove-sluzby-os/windows-server/vzdalena-sprava-serveru-windows.html]
[studovna.eduxo.cz/v/operacni-systemy/teorie/sitove-sluzby-os/windows-server/sprava-datovych-ulozist.html]
[studovna.eduxo.cz/v/operacni-systemy/teorie/sitove-sluzby-os/windows-server/sprava-sdileni-a-opravneni.html]
[studovna.eduxo.cz/v/operacni-systemy/teorie/sitove-sluzby-os/windows-server/dns-sluzby-na-windows.html]
[studovna.eduxo.cz/v/operacni-systemy/teorie/sitove-sluzby-os/windows-server/dhcp-sluzby-na-windows.html]
[studovna.eduxo.cz/v/operacni-systemy/teorie/sitove-sluzby-os/windows-server/internet-information-services-iis.html]
[studovna.eduxo.cz/v/operacni-systemy/teorie/sitove-sluzby-os/windows-server/group-policy-object-gpo.html]
[studovna.eduxo.cz/v/operacni-systemy/teorie/sitove-sluzby-os/windows-server/logovani-ve-windows.html]
[studovna.eduxo.cz/v/operacni-systemy/teorie/sitove-sluzby-os/linux-server.html]
[studovna.eduxo.cz/v/operacni-systemy/teorie/sitove-sluzby-os/linux-server/vzdalena-sprava-serveru-linux.html]
[studovna.eduxo.cz/v/operacni-systemy/teorie/sitove-sluzby-os/linux-server/zabezpeceni-serveru-linux.html]
[studovna.eduxo.cz/v/operacni-systemy/teorie/sitove-sluzby-os/linux-server/dhcp-sluzby-na-linux.html]
[studovna.eduxo.cz/v/operacni-systemy/teorie/sitove-sluzby-os/sluzby-sdileni-souboru.html]
[studovna.eduxo.cz/v/operacni-systemy/teorie/sitove-sluzby-os/sluzby-sdileni-souboru/protokoly-souborovych-sluzeb.html]
[studovna.eduxo.cz/v/operacni-systemy/teorie/sitove-sluzby-os/sluzby-sdileni-souboru/uloziste-nas.html]
[studovna.eduxo.cz/v/operacni-systemy/teorie/sitove-sluzby-os/webove-a-e-mailove-sluzby.html]
[studovna.eduxo.cz/v/operacni-systemy/teorie/sitove-sluzby-os/webove-a-e-mailove-sluzby/http-https.html]
[studovna.eduxo.cz/v/operacni-systemy/teorie/sitove-sluzby-os/webove-a-e-mailove-sluzby/http-https/web-server-linux.html]
[studovna.eduxo.cz/v/operacni-systemy/teorie/sitove-sluzby-os/webove-a-e-mailove-sluzby/http-https/web-server-linux/lamp.html]
[studovna.eduxo.cz/v/operacni-systemy/teorie/sitove-sluzby-os/webove-a-e-mailove-sluzby/smtp.html]
[studovna.eduxo.cz/v/operacni-systemy/teorie/sprava-a-dohled.html]
[studovna.eduxo.cz/v/operacni-systemy/teorie/virtualizace.html]
[studovna.eduxo.cz/v/operacni-systemy/teorie/sprava-a-dohled/it-service-management.html]
[studovna.eduxo.cz/v/operacni-systemy/teorie/virtualizace/hardwarova-a-softwarova-virtualizace.html]
[studovna.eduxo.cz/v/operacni-systemy/teorie/virtualizace/hardwarova-a-softwarova-virtualizace/virtualbox.html]
[studovna.eduxo.cz/v/operacni-systemy/teorie/virtualizace/virtualizace-na-urovni-systemu.html]
[studovna.eduxo.cz/v/operacni-systemy/teorie/virtualizace/virtualizace-na-urovni-systemu/lxc-lxd.html]
[studovna.eduxo.cz/v/operacni-systemy/teorie/virtualizace/virtualizace-na-urovni-systemu/docker.html]
[studovna.eduxo.cz/v/operacni-systemy/teorie/virtualizace/virtualizace-ulozist.html]
[studovna.eduxo.cz/v/operacni-systemy/teorie/cloud-computing.html]
[studovna.eduxo.cz/v/operacni-systemy/cviceni/windows-server.html]
[studovna.eduxo.cz/v/operacni-systemy/cviceni/windows-server/plw01-instalace-windows-server-2019-a-novejsi.html]
[studovna.eduxo.cz/v/operacni-systemy/cviceni/windows-server/plws02-instalace-a-konfigurace-adds-sluzby-na-windows-server.html]
[studovna.eduxo.cz/v/operacni-systemy/cviceni/windows-server/plws03-pripojeni-koncove-stanice-do-domeny.html]
[studovna.eduxo.cz/v/operacni-systemy/cviceni/windows-server/plws04-navrh-struktury-organizacnich-jednotek-ou.html]
[studovna.eduxo.cz/v/operacni-systemy/cviceni/windows-server/plws05-vzdalena-sprava-windows-serveru.html]
[studovna.eduxo.cz/v/operacni-systemy/cviceni/windows-server/plws06-sprava-datovych-ulozist.html]
[studovna.eduxo.cz/v/operacni-systemy/cviceni/windows-server/page.html]
[studovna.eduxo.cz/v/operacni-systemy/cviceni/windows-server/plws08-dns-sluzby-na-windows-server.html]
[studovna.eduxo.cz/v/operacni-systemy/cviceni/windows-server/plws09-instalace-a-konfigurace-dhcp-sluzby-na-windows-server.html]
[studovna.eduxo.cz/v/operacni-systemy/cviceni/windows-server/plws10-internet-information-services-iis.html]
[studovna.eduxo.cz/v/operacni-systemy/cviceni/windows-server/plws11-group-policy-object.html]
[studovna.eduxo.cz/v/operacni-systemy/cviceni/linux.html]
[studovna.eduxo.cz/v/operacni-systemy/cviceni/linux/souhrnne-cviceni-intraweb.html]
[studovna.eduxo.cz/v/operacni-systemy/cviceni/linux/zaklady-skriptovani-v-bash.html]
[studovna.eduxo.cz/v/operacni-systemy/cviceni/cviceni-sprava-a-dohled.html]
[studovna.eduxo.cz/v/operacni-systemy/cviceni/cviceni-sprava-a-dohled/it-service-management.html]
[studovna.eduxo.cz/v/operacni-systemy/cviceni/cviceni-sprava-a-dohled/zabbix.html]
[studovna.eduxo.cz/v/operacni-systemy.html]
[studovna.eduxo.cz/v/9azCX0KYxJIH/eduxo_logo_v3_rmbg_30068cf.html]
[studovna.eduxo.cz/v/kyberneticka-bezpecnost/kyberneticka-bezpecnost/doporucena-literatura.html]
[studovna.eduxo.cz/v/kyberneticka-bezpecnost/kyberneticka-bezpecnost/online-kurzy.html]
[studovna.eduxo.cz/v/kyberneticka-bezpecnost/kyberneticka-bezpecnost/odkazy.html]
[studovna.eduxo.cz/v/kyberneticka-bezpecnost/uvod-do-kyberneticke-bezpecnosti.html]
[studovna.eduxo.cz/v/kyberneticka-bezpecnost/uvod-do-kyberneticke-bezpecnosti/digitalni-stopa.html]
[studovna.eduxo.cz/v/kyberneticka-bezpecnost/uvod-do-kyberneticke-bezpecnosti/digitalni-identita.html]
[studovna.eduxo.cz/v/kyberneticka-bezpecnost/uvod-do-kyberneticke-bezpecnosti/anonymita-uzivatele.html]
[studovna.eduxo.cz/v/kyberneticka-bezpecnost/uvod-do-kyberneticke-bezpecnosti/organizace-aktivni-oblasti-kb.html]
[studovna.eduxo.cz/v/kyberneticka-bezpecnost/uvod-do-kyberneticke-bezpecnosti/profesni-certifikace.html]
[studovna.eduxo.cz/v/kyberneticka-bezpecnost/zakladni-terminologie.html]
[studovna.eduxo.cz/v/kyberneticka-bezpecnost/zakladni-terminologie/principy-kyberneticke-bezpecnosti.html]
[studovna.eduxo.cz/v/kyberneticka-bezpecnost/zakladni-terminologie/principy-kyberneticke-bezpecnosti/triada-cia.html]
[studovna.eduxo.cz/v/kyberneticka-bezpecnost/zakladni-terminologie/principy-kyberneticke-bezpecnosti/prvky-kyberneticke-bezpecnosti.html]
[studovna.eduxo.cz/v/kyberneticka-bezpecnost/zakladni-terminologie/principy-kyberneticke-bezpecnosti/zivotni-cyklus-kyberneticke-bezpecnosti.html]
[studovna.eduxo.cz/v/kyberneticka-bezpecnost/zakladni-terminologie/principy-kyberneticke-bezpecnosti/hierarchie-potreb-v-kyberbezpecnosti.html]
[studovna.eduxo.cz/v/kyberneticka-bezpecnost/zakladni-terminologie/kyberkriminalita-a-jeji-projevy.html]
[studovna.eduxo.cz/v/kyberneticka-bezpecnost/zakladni-terminologie/kyberkriminalita-a-jeji-projevy/internetove-pocitacove-piratstvi.html]
[studovna.eduxo.cz/v/kyberneticka-bezpecnost/zakladni-terminologie/kyberkriminalita-a-jeji-projevy/malware-a-skodlivy-kod.html]
[studovna.eduxo.cz/v/kyberneticka-bezpecnost/zakladni-terminologie/kyberkriminalita-a-jeji-projevy/sociotechniky.html]
[studovna.eduxo.cz/v/kyberneticka-bezpecnost/zakladni-terminologie/kyberkriminalita-a-jeji-projevy/kyberneticke-utoky.html]
[studovna.eduxo.cz/v/kyberneticka-bezpecnost/zakladni-terminologie/csirt-tymy.html]
[studovna.eduxo.cz/v/kyberneticka-bezpecnost/zakladni-terminologie/csirt-tymy/jak-vznika-csirt-tym.html]
[studovna.eduxo.cz/v/kyberneticka-bezpecnost/zakladni-terminologie/csirt-tymy/hierarchie-csirt-tymu.html]
[studovna.eduxo.cz/v/kyberneticka-bezpecnost/zakladni-terminologie/csirt-tymy/noc.html]
[studovna.eduxo.cz/v/kyberneticka-bezpecnost/zakladni-terminologie/csirt-tymy/soc.html]
[studovna.eduxo.cz/v/kyberneticka-bezpecnost/kryptografie.html]
[studovna.eduxo.cz/v/kyberneticka-bezpecnost/kryptografie/klasicka-kryptografie.html]
[studovna.eduxo.cz/v/kyberneticka-bezpecnost/kryptografie/steganografie.html]
[studovna.eduxo.cz/v/kyberneticka-bezpecnost/kryptografie/moderni-kryptografie.html]
[studovna.eduxo.cz/v/kyberneticka-bezpecnost/kryptografie/moderni-kryptografie/hashovaci-funkce.html]
[studovna.eduxo.cz/v/kyberneticka-bezpecnost/kryptografie/moderni-kryptografie/symetricke-sifry.html]
[studovna.eduxo.cz/v/kyberneticka-bezpecnost/kryptografie/moderni-kryptografie/asymetricke-sifry.html]
[studovna.eduxo.cz/v/kyberneticka-bezpecnost/kryptografie/moderni-kryptografie/vyuziti-moderni-kryptografie.html]
[studovna.eduxo.cz/v/kyberneticka-bezpecnost/kryptografie/moderni-kryptografie/vyuziti-moderni-kryptografie/openssl.html]
[studovna.eduxo.cz/v/kyberneticka-bezpecnost/kryptografie/moderni-kryptografie/vyuziti-moderni-kryptografie/ssl-tls.html]
[studovna.eduxo.cz/v/kyberneticka-bezpecnost/kryptografie/moderni-kryptografie/vyuziti-moderni-kryptografie/pgp-a-gpg.html]
[studovna.eduxo.cz/v/kyberneticka-bezpecnost/kryptografie/moderni-kryptografie/vyuziti-moderni-kryptografie/digitalni-elektronicky-podpis.html]
[studovna.eduxo.cz/v/kyberneticka-bezpecnost/kryptografie/moderni-kryptografie/vyuziti-moderni-kryptografie/pki.html]
[studovna.eduxo.cz/v/kyberneticka-bezpecnost/kryptografie/moderni-kryptografie/vyuziti-moderni-kryptografie/sifrovani-nosicu-dat.html]
[studovna.eduxo.cz/v/kyberneticka-bezpecnost/kryptografie/moderni-kryptografie/vyuziti-moderni-kryptografie/vpn.html]
[studovna.eduxo.cz/v/kyberneticka-bezpecnost/detekce-a-prevence-sitovych-utoku.html]
[studovna.eduxo.cz/v/kyberneticka-bezpecnost/detekce-a-prevence-sitovych-utoku/siem.html]
[studovna.eduxo.cz/v/kyberneticka-bezpecnost/detekce-a-prevence-sitovych-utoku/soar.html]
[studovna.eduxo.cz/v/kyberneticka-bezpecnost/detekce-a-prevence-sitovych-utoku/modely-reakce-na-incidenty.html]
[studovna.eduxo.cz/v/kyberneticka-bezpecnost/detekce-a-prevence-sitovych-utoku/threat-intelligence-services.html]
[studovna.eduxo.cz/v/kyberneticka-bezpecnost/detekce-a-prevence-sitovych-utoku/testovani-zranitelnosti-infrastruktury.html]
[studovna.eduxo.cz/v/kyberneticka-bezpecnost/rizeni-kyberneticke-a-informacni-bezpecnosti.html]
[studovna.eduxo.cz/v/kyberneticka-bezpecnost/rizeni-kyberneticke-a-informacni-bezpecnosti/analyza-rizik.html]
[studovna.eduxo.cz/v/kyberneticka-bezpecnost/rizeni-kyberneticke-a-informacni-bezpecnosti/analyza-rizik/aktiva.html]
[studovna.eduxo.cz/v/kyberneticka-bezpecnost/rizeni-kyberneticke-a-informacni-bezpecnosti/analyza-rizik/hrozby.html]
[studovna.eduxo.cz/v/kyberneticka-bezpecnost/rizeni-kyberneticke-a-informacni-bezpecnosti/analyza-rizik/zranitelnost.html]
[studovna.eduxo.cz/v/kyberneticka-bezpecnost/rizeni-kyberneticke-a-informacni-bezpecnosti/analyza-rizik/ohrozeni.html]
[studovna.eduxo.cz/v/kyberneticka-bezpecnost/rizeni-kyberneticke-a-informacni-bezpecnosti/analyza-rizik/riziko.html]
[studovna.eduxo.cz/v/kyberneticka-bezpecnost/rizeni-kyberneticke-a-informacni-bezpecnosti/analyza-rizik/opatreni.html]
[studovna.eduxo.cz/v/kyberneticka-bezpecnost/rizeni-kyberneticke-a-informacni-bezpecnosti/iso-iec-27000.html]
[studovna.eduxo.cz/v/kyberneticka-bezpecnost.html]
[studovna.eduxo.cz/v/informacni-site/teorie/readme/rocket-loader.min.html]
[studovna.eduxo.cz/v/informacni-site/teorie/rocket-loader.min.html]
[studovna.eduxo.cz/_gitbook/imagea26c]
[studovna.eduxo.cz/_gitbook/image9ae6]
[studovna.eduxo.cz/_gitbook/imageaa79]
[studovna.eduxo.cz/v/informacni-site/teorie/uvod-do-pocitacovych-siti/rocket-loader.min.html]
[studovna.eduxo.cz/_gitbook/image8fa2]
[studovna.eduxo.cz/_gitbook/image555d]
[studovna.eduxo.cz/_gitbook/image1e9b]
[studovna.eduxo.cz/_gitbook/imagef38e]
[studovna.eduxo.cz/_gitbook/imagefef7]
[studovna.eduxo.cz/_gitbook/imagee5f6]
[studovna.eduxo.cz/_gitbook/imagecfc2]
[studovna.eduxo.cz/_gitbook/image8c12]
[studovna.eduxo.cz/_gitbook/imagec538]
[studovna.eduxo.cz/_gitbook/image00e7]
[studovna.eduxo.cz/_gitbook/imagee516]
[studovna.eduxo.cz/v/informacni-site/teorie/uvod-do-pocitacovych-siti/topologie-siti/rocket-loader.min.html]
[studovna.eduxo.cz/_gitbook/imagec92b]
[studovna.eduxo.cz/v/informacni-site/teorie/referencni-sitove-modely/rocket-loader.min.html]
[studovna.eduxo.cz/_gitbook/imagea43b]
[studovna.eduxo.cz/v/informacni-site/teorie/referencni-sitove-modely/model_iso-osi/rocket-loader.min.html]
[studovna.eduxo.cz/_gitbook/image099e]
[studovna.eduxo.cz/_gitbook/image3e39]
[studovna.eduxo.cz/_gitbook/image7f65]
[studovna.eduxo.cz/_gitbook/imagefa77]
[studovna.eduxo.cz/v/informacni-site/teorie/hardware-pocitacovych-siti/rocket-loader.min.html]
[studovna.eduxo.cz/v/informacni-site/teorie/hardware-pocitacovych-siti/pasivni-prvky-site/rocket-loader.min.html]
[studovna.eduxo.cz/_gitbook/image4e14]
[studovna.eduxo.cz/_gitbook/imagee1f2]
[studovna.eduxo.cz/_gitbook/imagee906]
[studovna.eduxo.cz/_gitbook/image57c9]
[studovna.eduxo.cz/_gitbook/image95fc]
[studovna.eduxo.cz/_gitbook/imagef9bd]
[studovna.eduxo.cz/v/informacni-site/teorie/adresovani-v-siti/rocket-loader.min.html]
[studovna.eduxo.cz/_gitbook/imagedff9]
[studovna.eduxo.cz/v/informacni-site/teorie/adresovani-v-siti/mac-adresa/rocket-loader.min.html]
[studovna.eduxo.cz/v/kyberneticka-bezpecnost/tabletop-cviceni.html]
[studovna.eduxo.cz/v/informacni-site/teorie/adresovani-v-siti/adresace-ipv4/rocket-loader.min.html]
[studovna.eduxo.cz/_gitbook/image0035]
[studovna.eduxo.cz/_gitbook/image91ef]
[studovna.eduxo.cz/_gitbook/image5264]
[studovna.eduxo.cz/_gitbook/image87cd]
[studovna.eduxo.cz/v/informacni-site/teorie/adresovani-v-siti/adresace-ipv4/dhcp/rocket-loader.min.html]
[studovna.eduxo.cz/v/informacni-site/teorie/switching-prepinani/rocket-loader.min.html]
[studovna.eduxo.cz/_gitbook/imagefc8e]
[studovna.eduxo.cz/v/informacni-site/teorie/routing-smerovani/rocket-loader.min.html]
[studovna.eduxo.cz/_gitbook/image67da]
[studovna.eduxo.cz/v/informacni-site/teorie/routing-smerovani/dynamicke-smerovani/rocket-loader.min.html]
[studovna.eduxo.cz/v/informacni-site/teorie/bezdratove-site/rocket-loader.min.html]
[studovna.eduxo.cz/v/informacni-site/teorie/sprava-pocitacove-site/rocket-loader.min.html]
[studovna.eduxo.cz/v/informacni-site/teorie/sprava-pocitacove-site/protokoly-pro-spravu-site/rocket-loader.min.html]
[studovna.eduxo.cz/_gitbook/image62d9]
[studovna.eduxo.cz/v/informacni-site/teorie/sprava-pocitacove-site/vzdalena-sprava/rocket-loader.min.html]
[studovna.eduxo.cz/v/informacni-site/teorie/zabezpeceni-pocitacove-site/rocket-loader.min.html]
[studovna.eduxo.cz/_gitbook/image7016]
[studovna.eduxo.cz/_gitbook/imagee10f]
[studovna.eduxo.cz/v/informacni-site/teorie/zabezpeceni-pocitacove-site/segmentace-site/rocket-loader.min.html]
[studovna.eduxo.cz/v/informacni-site/teorie/zabezpeceni-pocitacove-site/ochrana-na-rozhrani-site/rocket-loader.min.html]
[studovna.eduxo.cz/v/informacni-site/teorie/zabezpeceni-pocitacove-site/ochrana-na-rozhrani-site/firewall/rocket-loader.min.html]
[studovna.eduxo.cz/_gitbook/imagea377]
[studovna.eduxo.cz/v/informacni-site/teorie/dohled-nad-pocitacovou-siti/rocket-loader.min.html]
[studovna.eduxo.cz/v/informacni-site/teorie/dohled-nad-pocitacovou-siti/provozni-monitoring/rocket-loader.min.html]
[studovna.eduxo.cz/v/informacni-site/cviceni/rocket-loader.min.html]
[studovna.eduxo.cz/v/informacni-site/cviceni/cviceni-adresovani-v-siti/rocket-loader.min.html]
[studovna.eduxo.cz/v/informacni-site/cviceni/cviceni-adresovani-v-siti/ipv4/rocket-loader.min.html]
[studovna.eduxo.cz/_gitbook/image0f9e]
[studovna.eduxo.cz/_gitbook/image6ecb]
[studovna.eduxo.cz/_gitbook/imagec1d5]
[studovna.eduxo.cz/_gitbook/imaged3b0]
[studovna.eduxo.cz/_gitbook/image2af0]
[studovna.eduxo.cz/_gitbook/image46f5]
[studovna.eduxo.cz/_gitbook/imagec175]
[studovna.eduxo.cz/_gitbook/image608c]
[studovna.eduxo.cz/_gitbook/image66d1]
[studovna.eduxo.cz/_gitbook/image96ab]
[studovna.eduxo.cz/_gitbook/image7d22]
[studovna.eduxo.cz/v/informacni-site/cviceni/cisco-network/rocket-loader.min.html]
[studovna.eduxo.cz/_gitbook/image2490]
[studovna.eduxo.cz/_gitbook/image46f5-2]
[studovna.eduxo.cz/_gitbook/imagefa92]
[studovna.eduxo.cz/_gitbook/image2ee0]
[studovna.eduxo.cz/_gitbook/image03b5]
[studovna.eduxo.cz/_gitbook/image0c16]
[studovna.eduxo.cz/v/operacni-systemy/teorie/readme/doporucena-literatura.html]
[studovna.eduxo.cz/v/operacni-systemy/teorie/readme/online-kurzy.html]
[studovna.eduxo.cz/v/operacni-systemy/teorie/readme/odkazy.html]
[studovna.eduxo.cz/v/operacni-systemy/teorie/readme/rocket-loader.min.html]
[studovna.eduxo.cz/v/operacni-systemy/teorie/rocket-loader.min.html]
[studovna.eduxo.cz/v/operacni-systemy/teorie/uvod-do-operacnich-systemu.html]
[studovna.eduxo.cz/v/operacni-systemy/teorie/uvod-do-operacnich-systemu/operacni-system.html]
[studovna.eduxo.cz/v/operacni-systemy/teorie/uvod-do-operacnich-systemu/druhy-os.html]
[studovna.eduxo.cz/v/operacni-systemy/teorie/uvod-do-operacnich-systemu/aplikacni-software.html]
[studovna.eduxo.cz/v/operacni-systemy/teorie/uvod-do-operacnich-systemu/rocket-loader.min.html]
[studovna.eduxo.cz/v/operacni-systemy/teorie/uvod-do-operacnich-systemu/aplikacni-software/autorska-prava.html]
[studovna.eduxo.cz/v/operacni-systemy/teorie/uvod-do-operacnich-systemu/aplikacni-software/komunikacni-software.html]
[studovna.eduxo.cz/v/operacni-systemy/teorie/uvod-do-operacnich-systemu/aplikacni-software/organizace-casu-a-planovani.html]
[studovna.eduxo.cz/v/operacni-systemy/teorie/uvod-do-operacnich-systemu/aplikacni-software/nastroje-pro-spolupraci.html]
[studovna.eduxo.cz/v/operacni-systemy/teorie/uvod-do-operacnich-systemu/aplikacni-software/rocket-loader.min.html]
[studovna.eduxo.cz/v/operacni-systemy/teorie/uvod-do-operacnich-systemu/aplikacni-software/nastroje-pro-spolupraci/rocket-loader.min.html]
[studovna.eduxo.cz/v/operacni-systemy/teorie/uvod-do-operacnich-systemu/aplikacni-software/nastroje-pro-spolupraci/nastroje-pro-rizeni-projektu.html]
[studovna.eduxo.cz/v/operacni-systemy/teorie/uvod-do-operacnich-systemu/aplikacni-software/nastroje-pro-spolupraci/cloudove-uloziste-se-spravou-verzi.html]
[studovna.eduxo.cz/v/operacni-systemy/teorie/uvod-do-operacnich-systemu/soubory-a-adresare.html]
[studovna.eduxo.cz/v/operacni-systemy/teorie/uvod-do-operacnich-systemu/souborove-systemy.html]
[studovna.eduxo.cz/v/operacni-systemy/teorie/uvod-do-operacnich-systemu/archivace-a-zalohovani.html]
[studovna.eduxo.cz/v/operacni-systemy/teorie/uvod-do-operacnich-systemu/komprimace-dat.html]
[studovna.eduxo.cz/v/operacni-systemy/teorie/windows.html]
[studovna.eduxo.cz/v/operacni-systemy/teorie/linux.html]
[studovna.eduxo.cz/v/operacni-systemy/teorie/sitove-sluzby-os.html]
[studovna.eduxo.cz/v/operacni-systemy/teorie/sitove-sluzby-os/rocket-loader.min.html]
[studovna.eduxo.cz/v/operacni-systemy/teorie/sitove-sluzby-os/server.html]
[studovna.eduxo.cz/v/operacni-systemy/teorie/sitove-sluzby-os/server/kapacita-a-zatizeni.html]
[studovna.eduxo.cz/v/operacni-systemy/teorie/sitove-sluzby-os/server/dimenzovani-serveru-a-systemu.html]
[studovna.eduxo.cz/v/operacni-systemy/teorie/sitove-sluzby-os/server/upgrady-serveru.html]
[studovna.eduxo.cz/v/operacni-systemy/teorie/sitove-sluzby-os/server/rocket-loader.min.html]
[studovna.eduxo.cz/v/operacni-systemy/teorie/sitove-sluzby-os/windows-server.html]
[studovna.eduxo.cz/v/operacni-systemy/teorie/sitove-sluzby-os/windows-server/active-directory.html]
[studovna.eduxo.cz/v/operacni-systemy/teorie/sitove-sluzby-os/windows-server/vzdalena-sprava-serveru-windows.html]
[studovna.eduxo.cz/v/operacni-systemy/teorie/sitove-sluzby-os/windows-server/rocket-loader.min.html]
[studovna.eduxo.cz/v/operacni-systemy/teorie/sitove-sluzby-os/windows-server/sprava-datovych-ulozist.html]
[studovna.eduxo.cz/v/operacni-systemy/teorie/sitove-sluzby-os/windows-server/sprava-sdileni-a-opravneni.html]
[studovna.eduxo.cz/v/operacni-systemy/teorie/sitove-sluzby-os/windows-server/dns-sluzby-na-windows.html]
[studovna.eduxo.cz/v/operacni-systemy/teorie/sitove-sluzby-os/windows-server/dhcp-sluzby-na-windows.html]
[studovna.eduxo.cz/v/operacni-systemy/teorie/sitove-sluzby-os/windows-server/internet-information-services-iis.html]
[studovna.eduxo.cz/v/operacni-systemy/teorie/sitove-sluzby-os/windows-server/group-policy-object-gpo.html]
[studovna.eduxo.cz/v/operacni-systemy/teorie/sitove-sluzby-os/windows-server/logovani-ve-windows.html]
[studovna.eduxo.cz/v/operacni-systemy/teorie/sitove-sluzby-os/linux-server.html]
[studovna.eduxo.cz/v/operacni-systemy/teorie/sitove-sluzby-os/linux-server/vzdalena-sprava-serveru-linux.html]
[studovna.eduxo.cz/v/operacni-systemy/teorie/sitove-sluzby-os/linux-server/rocket-loader.min.html]
[studovna.eduxo.cz/v/operacni-systemy/teorie/sitove-sluzby-os/linux-server/zabezpeceni-serveru-linux.html]
[studovna.eduxo.cz/v/operacni-systemy/teorie/sitove-sluzby-os/linux-server/dhcp-sluzby-na-linux.html]
[studovna.eduxo.cz/v/operacni-systemy/teorie/sitove-sluzby-os/sluzby-sdileni-souboru.html]
[studovna.eduxo.cz/v/operacni-systemy/teorie/sitove-sluzby-os/sluzby-sdileni-souboru/protokoly-souborovych-sluzeb.html]
[studovna.eduxo.cz/v/operacni-systemy/teorie/sitove-sluzby-os/sluzby-sdileni-souboru/uloziste-nas.html]
[studovna.eduxo.cz/v/operacni-systemy/teorie/sitove-sluzby-os/webove-a-e-mailove-sluzby.html]
[studovna.eduxo.cz/v/operacni-systemy/teorie/sitove-sluzby-os/sluzby-sdileni-souboru/rocket-loader.min.html]
[studovna.eduxo.cz/v/operacni-systemy/teorie/sitove-sluzby-os/webove-a-e-mailove-sluzby/rocket-loader.min.html]
[studovna.eduxo.cz/v/operacni-systemy/teorie/sitove-sluzby-os/webove-a-e-mailove-sluzby/http-https.html]
[studovna.eduxo.cz/v/operacni-systemy/teorie/sitove-sluzby-os/webove-a-e-mailove-sluzby/http-https/rocket-loader.min.html]
[studovna.eduxo.cz/v/operacni-systemy/teorie/sitove-sluzby-os/webove-a-e-mailove-sluzby/http-https/web-server-linux.html]
[studovna.eduxo.cz/v/operacni-systemy/teorie/sitove-sluzby-os/webove-a-e-mailove-sluzby/http-https/web-server-linux/lamp.html]
[studovna.eduxo.cz/v/operacni-systemy/teorie/sitove-sluzby-os/webove-a-e-mailove-sluzby/smtp.html]
[studovna.eduxo.cz/v/operacni-systemy/teorie/sprava-a-dohled.html]
[studovna.eduxo.cz/v/operacni-systemy/teorie/sitove-sluzby-os/webove-a-e-mailove-sluzby/http-https/web-server-linux/rocket-loader.min.html]
[studovna.eduxo.cz/v/operacni-systemy/teorie/sprava-a-dohled/it-service-management.html]
[studovna.eduxo.cz/v/operacni-systemy/teorie/sprava-a-dohled/rocket-loader.min.html]
[studovna.eduxo.cz/v/operacni-systemy/teorie/virtualizace.html]
[studovna.eduxo.cz/v/operacni-systemy/teorie/virtualizace/rocket-loader.min.html]
[studovna.eduxo.cz/v/operacni-systemy/teorie/virtualizace/hardwarova-a-softwarova-virtualizace.html]
[studovna.eduxo.cz/v/operacni-systemy/teorie/virtualizace/hardwarova-a-softwarova-virtualizace/rocket-loader.min.html]
[studovna.eduxo.cz/v/operacni-systemy/teorie/virtualizace/hardwarova-a-softwarova-virtualizace/virtualbox.html]
[studovna.eduxo.cz/v/operacni-systemy/teorie/virtualizace/virtualizace-na-urovni-systemu.html]
[studovna.eduxo.cz/v/operacni-systemy/teorie/virtualizace/virtualizace-na-urovni-systemu/rocket-loader.min.html]
[studovna.eduxo.cz/v/operacni-systemy/teorie/virtualizace/virtualizace-na-urovni-systemu/lxc-lxd.html]
[studovna.eduxo.cz/v/operacni-systemy/teorie/virtualizace/virtualizace-na-urovni-systemu/docker.html]
[studovna.eduxo.cz/v/operacni-systemy/teorie/virtualizace/virtualizace-ulozist.html]
[studovna.eduxo.cz/v/operacni-systemy/teorie/cloud-computing.html]
[studovna.eduxo.cz/v/operacni-systemy/cviceni/windows-server.html]
[studovna.eduxo.cz/v/operacni-systemy/cviceni/rocket-loader.min.html]
[studovna.eduxo.cz/v/operacni-systemy/cviceni/windows-server/plw01-instalace-windows-server-2019-a-novejsi.html]
[studovna.eduxo.cz/v/operacni-systemy/cviceni/windows-server/plws02-instalace-a-konfigurace-adds-sluzby-na-windows-server.html]
[studovna.eduxo.cz/v/operacni-systemy/cviceni/windows-server/plws03-pripojeni-koncove-stanice-do-domeny.html]
[studovna.eduxo.cz/v/operacni-systemy/cviceni/windows-server/plws04-navrh-struktury-organizacnich-jednotek-ou.html]
[studovna.eduxo.cz/v/operacni-systemy/cviceni/windows-server/plws05-vzdalena-sprava-windows-serveru.html]
[studovna.eduxo.cz/v/operacni-systemy/cviceni/windows-server/plws06-sprava-datovych-ulozist.html]
[studovna.eduxo.cz/v/operacni-systemy/cviceni/windows-server/page.html]
[studovna.eduxo.cz/v/operacni-systemy/cviceni/windows-server/plws08-dns-sluzby-na-windows-server.html]
[studovna.eduxo.cz/v/operacni-systemy/cviceni/windows-server/plws09-instalace-a-konfigurace-dhcp-sluzby-na-windows-server.html]
[studovna.eduxo.cz/v/operacni-systemy/cviceni/windows-server/plws10-internet-information-services-iis.html]
[studovna.eduxo.cz/v/operacni-systemy/cviceni/windows-server/plws11-group-policy-object.html]
[studovna.eduxo.cz/v/operacni-systemy/cviceni/linux.html]
[studovna.eduxo.cz/v/operacni-systemy/cviceni/windows-server/rocket-loader.min.html]
[studovna.eduxo.cz/v/operacni-systemy/cviceni/linux/souhrnne-cviceni-intraweb.html]
[studovna.eduxo.cz/v/operacni-systemy/cviceni/linux/zaklady-skriptovani-v-bash.html]
[studovna.eduxo.cz/v/operacni-systemy/cviceni/cviceni-sprava-a-dohled.html]
[studovna.eduxo.cz/v/operacni-systemy/cviceni/linux/rocket-loader.min.html]
[studovna.eduxo.cz/v/operacni-systemy/cviceni/cviceni-sprava-a-dohled/it-service-management.html]
[studovna.eduxo.cz/v/operacni-systemy/cviceni/cviceni-sprava-a-dohled/zabbix.html]
[studovna.eduxo.cz/v/operacni-systemy/cviceni/cviceni-sprava-a-dohled/rocket-loader.min.html]
[studovna.eduxo.cz/v/9azCX0KYxJIH/eduxo_logo_v3_rmbg_30068cf.html]
[studovna.eduxo.cz/v/9azcx0kyxjih/eduxo_logo_v3_rmbg_300.html]
[studovna.eduxo.cz/v/kyberneticka-bezpecnost/kyberneticka-bezpecnost/doporucena-literatura.html]
[studovna.eduxo.cz/v/kyberneticka-bezpecnost/kyberneticka-bezpecnost/online-kurzy.html]
[studovna.eduxo.cz/v/kyberneticka-bezpecnost/kyberneticka-bezpecnost/rocket-loader.min.html]
[studovna.eduxo.cz/v/kyberneticka-bezpecnost/kyberneticka-bezpecnost/odkazy.html]
[untrustednetwork.net/favicon.png]
[antihacker.cz/wp-content/uploads/2020/05/TIS-PARTNERS-logo-FINAL-štít.png]
[studovna.eduxo.cz/v/kyberneticka-bezpecnost/uvod-do-kyberneticke-bezpecnosti.html]
[studovna.eduxo.cz/v/kyberneticka-bezpecnost/rocket-loader.min.html]
[studovna.eduxo.cz/v/kyberneticka-bezpecnost/uvod-do-kyberneticke-bezpecnosti/rocket-loader.min.html]
[studovna.eduxo.cz/v/kyberneticka-bezpecnost/uvod-do-kyberneticke-bezpecnosti/digitalni-stopa.html]
[studovna.eduxo.cz/v/kyberneticka-bezpecnost/uvod-do-kyberneticke-bezpecnosti/digitalni-identita.html]
[studovna.eduxo.cz/v/kyberneticka-bezpecnost/uvod-do-kyberneticke-bezpecnosti/anonymita-uzivatele.html]
[studovna.eduxo.cz/v/kyberneticka-bezpecnost/uvod-do-kyberneticke-bezpecnosti/organizace-aktivni-oblasti-kb.html]
[studovna.eduxo.cz/v/kyberneticka-bezpecnost/uvod-do-kyberneticke-bezpecnosti/profesni-certifikace.html]
[miro.medium.com/v2/resize_fit_828/format_webp/1_BpPOLVZHJ-KrBUIsmtFD8g.webp]
[studovna.eduxo.cz/v/kyberneticka-bezpecnost/zakladni-terminologie.html]
[studovna.eduxo.cz/v/kyberneticka-bezpecnost/zakladni-terminologie/rocket-loader.min.html]
[studovna.eduxo.cz/v/kyberneticka-bezpecnost/zakladni-terminologie/principy-kyberneticke-bezpecnosti.html]
[studovna.eduxo.cz/v/kyberneticka-bezpecnost/zakladni-terminologie/principy-kyberneticke-bezpecnosti/rocket-loader.min.html]
[studovna.eduxo.cz/v/kyberneticka-bezpecnost/zakladni-terminologie/principy-kyberneticke-bezpecnosti/triada-cia.html]
[studovna.eduxo.cz/v/kyberneticka-bezpecnost/zakladni-terminologie/principy-kyberneticke-bezpecnosti/prvky-kyberneticke-bezpecnosti.html]
[studovna.eduxo.cz/v/kyberneticka-bezpecnost/zakladni-terminologie/principy-kyberneticke-bezpecnosti/zivotni-cyklus-kyberneticke-bezpecnosti.html]
[www.itsec-nn.com/wp-content/uploads/cropped-ICTSEC-NETWORK-NEWS-icon-4-192x192.jpg]
[studovna.eduxo.cz/v/kyberneticka-bezpecnost/zakladni-terminologie/principy-kyberneticke-bezpecnosti/hierarchie-potreb-v-kyberbezpecnosti.html]
[studovna.eduxo.cz/v/kyberneticka-bezpecnost/zakladni-terminologie/kyberkriminalita-a-jeji-projevy.html]
[studovna.eduxo.cz/v/kyberneticka-bezpecnost/zakladni-terminologie/kyberkriminalita-a-jeji-projevy/internetove-pocitacove-piratstvi.html]
[studovna.eduxo.cz/v/kyberneticka-bezpecnost/zakladni-terminologie/kyberkriminalita-a-jeji-projevy/rocket-loader.min.html]
[studovna.eduxo.cz/v/kyberneticka-bezpecnost/zakladni-terminologie/kyberkriminalita-a-jeji-projevy/malware-a-skodlivy-kod.html]
[studovna.eduxo.cz/v/kyberneticka-bezpecnost/zakladni-terminologie/kyberkriminalita-a-jeji-projevy/sociotechniky.html]
[studovna.eduxo.cz/v/kyberneticka-bezpecnost/zakladni-terminologie/kyberkriminalita-a-jeji-projevy/gitbook-x-prod.appspot.com/o/collections/qGS6j6aMSjIacfLTlzwA/icon/L8cd12Mt9azCX0KYxJIH/eduxo_logo_v3_rmbg_300.1b768cf.dela]
[studovna.eduxo.cz/v/kyberneticka-bezpecnost/zakladni-terminologie/kyberkriminalita-a-jeji-projevy/kyberneticke-utoky.html]
[studovna.eduxo.cz/v/kyberneticka-bezpecnost/zakladni-terminologie/csirt-tymy.html]
[studovna.eduxo.cz/v/kyberneticka-bezpecnost/zakladni-terminologie/csirt-tymy/jak-vznika-csirt-tym.html]
[studovna.eduxo.cz/v/kyberneticka-bezpecnost/zakladni-terminologie/csirt-tymy/hierarchie-csirt-tymu.html]
[studovna.eduxo.cz/v/kyberneticka-bezpecnost/zakladni-terminologie/csirt-tymy/rocket-loader.min.html]
[2554221078-files.gitbook.io/_/files/v0/b/gitbook-x-prod.appspot.com/o/collections/b0FnJ5VjQbsYouWgvisX/icon/U94iZQyD60ZSgd1mcqct/eduxo_logo368cf.png]
[2554221078-files.gitbook.io/_/files/v0/b/gitbook-x-prod.appspot.com/o/collections/b0FnJ5VjQbsYouWgvisX/icon/U94iZQyD60ZSgd1mcqct/eduxo_logo34b12.png]
[studovna.eduxo.cz/v/kyberneticka-bezpecnost/zakladni-terminologie/csirt-tymy/noc.html]
[studovna.eduxo.cz/v/kyberneticka-bezpecnost/zakladni-terminologie/csirt-tymy/soc.html]
[studovna.eduxo.cz/v/kyberneticka-bezpecnost/kryptografie.html]
[studovna.eduxo.cz/v/kyberneticka-bezpecnost/kryptografie/rocket-loader.min.html]
[studovna.eduxo.cz/v/kyberneticka-bezpecnost/kryptografie/klasicka-kryptografie.html]
[studovna.eduxo.cz/v/kyberneticka-bezpecnost/kryptografie/steganografie.html]
[studovna.eduxo.cz/v/kyberneticka-bezpecnost/kryptografie/moderni-kryptografie.html]
[studovna.eduxo.cz/v/kyberneticka-bezpecnost/kryptografie/moderni-kryptografie/rocket-loader.min.html]
[studovna.eduxo.cz/v/kyberneticka-bezpecnost/kryptografie/moderni-kryptografie/hashovaci-funkce.html]
[studovna.eduxo.cz/v/kyberneticka-bezpecnost/kryptografie/moderni-kryptografie/symetricke-sifry.html]
[studovna.eduxo.cz/v/kyberneticka-bezpecnost/kryptografie/moderni-kryptografie/asymetricke-sifry.html]
[studovna.eduxo.cz/v/kyberneticka-bezpecnost/kryptografie/moderni-kryptografie/vyuziti-moderni-kryptografie.html]
[studovna.eduxo.cz/v/kyberneticka-bezpecnost/kryptografie/moderni-kryptografie/vyuziti-moderni-kryptografie/rocket-loader.min.html]
[studovna.eduxo.cz/v/kyberneticka-bezpecnost/kryptografie/moderni-kryptografie/vyuziti-moderni-kryptografie/ssl-tls.html]
[studovna.eduxo.cz/v/kyberneticka-bezpecnost/kryptografie/moderni-kryptografie/vyuziti-moderni-kryptografie/openssl.html]
[studovna.eduxo.cz/v/kyberneticka-bezpecnost/kryptografie/moderni-kryptografie/vyuziti-moderni-kryptografie/pgp-a-gpg.html]
[studovna.eduxo.cz/v/kyberneticka-bezpecnost/kryptografie/moderni-kryptografie/vyuziti-moderni-kryptografie/digitalni-elektronicky-podpis.html]
[studovna.eduxo.cz/v/kyberneticka-bezpecnost/kryptografie/moderni-kryptografie/vyuziti-moderni-kryptografie/pki.html]
[studovna.eduxo.cz/v/kyberneticka-bezpecnost/kryptografie/moderni-kryptografie/vyuziti-moderni-kryptografie/sifrovani-nosicu-dat.html]
[studovna.eduxo.cz/v/kyberneticka-bezpecnost/kryptografie/moderni-kryptografie/vyuziti-moderni-kryptografie/vpn.html]
[studovna.eduxo.cz/v/kyberneticka-bezpecnost/detekce-a-prevence-sitovych-utoku.html]
[studovna.eduxo.cz/v/kyberneticka-bezpecnost/detekce-a-prevence-sitovych-utoku/siem.html]
[studovna.eduxo.cz/v/kyberneticka-bezpecnost/detekce-a-prevence-sitovych-utoku/soar.html]
[studovna.eduxo.cz/v/kyberneticka-bezpecnost/detekce-a-prevence-sitovych-utoku/modely-reakce-na-incidenty.html]
[studovna.eduxo.cz/v/kyberneticka-bezpecnost/detekce-a-prevence-sitovych-utoku/threat-intelligence-services.html]
[studovna.eduxo.cz/v/kyberneticka-bezpecnost/detekce-a-prevence-sitovych-utoku/testovani-zranitelnosti-infrastruktury.html]
[studovna.eduxo.cz/v/kyberneticka-bezpecnost/rizeni-kyberneticke-a-informacni-bezpecnosti.html]
[studovna.eduxo.cz/v/kyberneticka-bezpecnost/detekce-a-prevence-sitovych-utoku/rocket-loader.min.html]
[studovna.eduxo.cz/v/kyberneticka-bezpecnost/rizeni-kyberneticke-a-informacni-bezpecnosti/rocket-loader.min.html]
[studovna.eduxo.cz/v/kyberneticka-bezpecnost/rizeni-kyberneticke-a-informacni-bezpecnosti/analyza-rizik.html]
[studovna.eduxo.cz/v/kyberneticka-bezpecnost/rizeni-kyberneticke-a-informacni-bezpecnosti/analyza-rizik/rocket-loader.min.html]
[studovna.eduxo.cz/v/kyberneticka-bezpecnost/rizeni-kyberneticke-a-informacni-bezpecnosti/analyza-rizik/aktiva.html]
[studovna.eduxo.cz/v/kyberneticka-bezpecnost/rizeni-kyberneticke-a-informacni-bezpecnosti/analyza-rizik/hrozby.html]
[studovna.eduxo.cz/v/kyberneticka-bezpecnost/rizeni-kyberneticke-a-informacni-bezpecnosti/analyza-rizik/zranitelnost.html]
[studovna.eduxo.cz/v/kyberneticka-bezpecnost/rizeni-kyberneticke-a-informacni-bezpecnosti/analyza-rizik/ohrozeni.html]
[studovna.eduxo.cz/v/kyberneticka-bezpecnost/rizeni-kyberneticke-a-informacni-bezpecnosti/analyza-rizik/riziko.html]
[studovna.eduxo.cz/v/kyberneticka-bezpecnost/rizeni-kyberneticke-a-informacni-bezpecnosti/analyza-rizik/opatreni.html]
[studovna.eduxo.cz/v/kyberneticka-bezpecnost/rizeni-kyberneticke-a-informacni-bezpecnosti/iso-iec-27000.html]
[images.contentstack.io/v3/assets/blt36c2e63521272fdc/blt3b9dbc8492637093/60a7f2761df7ea69b75ba460/cropped-SANS-Blue-Square-192x192.png]
[www.cisecurity.org/dist/cisecurity/img/icons/apple-touch-icon.1f5.delayed]
[studovna.eduxo.cz/v/kyberneticka-bezpecnost/tabletop-cviceni.html]
[studovna.eduxo.cz/v/operacni-systemy/teorie/readme/rocket-loader.min.html]
[studovna.eduxo.cz/v/operacni-systemy/teorie/rocket-loader.min.html]
[studovna.eduxo.cz/_gitbook/image1b89]
[studovna.eduxo.cz/v/operacni-systemy/teorie/uvod-do-operacnich-systemu/rocket-loader.min.html]
[studovna.eduxo.cz/v/operacni-systemy/teorie/uvod-do-operacnich-systemu/aplikacni-software/rocket-loader.min.html]
[studovna.eduxo.cz/v/operacni-systemy/teorie/uvod-do-operacnich-systemu/aplikacni-software/nastroje-pro-spolupraci/rocket-loader.min.html]
[studovna.eduxo.cz/_gitbook/image904c]
[studovna.eduxo.cz/_gitbook/image8d1a]
[studovna.eduxo.cz/_gitbook/image2201]
[studovna.eduxo.cz/_gitbook/imagefad1]
[studovna.eduxo.cz/_gitbook/image7294]
[studovna.eduxo.cz/_gitbook/image011e]
[studovna.eduxo.cz/_gitbook/image3341]
[studovna.eduxo.cz/_gitbook/imagea593]
[studovna.eduxo.cz/v/operacni-systemy/teorie/sitove-sluzby-os/rocket-loader.min.html]
[studovna.eduxo.cz/_gitbook/imagebcdc]
[studovna.eduxo.cz/_gitbook/imagecde1]
[studovna.eduxo.cz/v/operacni-systemy/teorie/sitove-sluzby-os/server/rocket-loader.min.html]
[studovna.eduxo.cz/v/operacni-systemy/teorie/sitove-sluzby-os/windows-server/rocket-loader.min.html]
[studovna.eduxo.cz/v/operacni-systemy/teorie/sitove-sluzby-os/linux-server/rocket-loader.min.html]
[studovna.eduxo.cz/v/operacni-systemy/teorie/sitove-sluzby-os/sluzby-sdileni-souboru/rocket-loader.min.html]
[studovna.eduxo.cz/v/operacni-systemy/teorie/sitove-sluzby-os/webove-a-e-mailove-sluzby/rocket-loader.min.html]
[studovna.eduxo.cz/_gitbook/imagefef0]
[studovna.eduxo.cz/v/operacni-systemy/teorie/sitove-sluzby-os/webove-a-e-mailove-sluzby/http-https/rocket-loader.min.html]
[studovna.eduxo.cz/_gitbook/image7171]
[studovna.eduxo.cz/v/operacni-systemy/teorie/sitove-sluzby-os/webove-a-e-mailove-sluzby/http-https/web-server-linux/rocket-loader.min.html]
[studovna.eduxo.cz/v/operacni-systemy/teorie/sprava-a-dohled/rocket-loader.min.html]
[studovna.eduxo.cz/_gitbook/imagef26f]
[studovna.eduxo.cz/_gitbook/imaged6a5]
[studovna.eduxo.cz/_gitbook/imagec90d]
[studovna.eduxo.cz/v/operacni-systemy/teorie/virtualizace/rocket-loader.min.html]
[studovna.eduxo.cz/_gitbook/imagee65c]
[studovna.eduxo.cz/_gitbook/image5b81]
[studovna.eduxo.cz/v/operacni-systemy/teorie/virtualizace/hardwarova-a-softwarova-virtualizace/rocket-loader.min.html]
[studovna.eduxo.cz/_gitbook/imagefe32]
[studovna.eduxo.cz/_gitbook/image8601]
[studovna.eduxo.cz/_gitbook/imagebf95]
[studovna.eduxo.cz/_gitbook/imagebdc1]
[studovna.eduxo.cz/v/operacni-systemy/teorie/virtualizace/virtualizace-na-urovni-systemu/rocket-loader.min.html]
[studovna.eduxo.cz/_gitbook/imagea321]
[studovna.eduxo.cz/_gitbook/image5ae1]
[studovna.eduxo.cz/_gitbook/image5f69]
[studovna.eduxo.cz/_gitbook/image276d]
[studovna.eduxo.cz/_gitbook/image206d]
[studovna.eduxo.cz/_gitbook/image957d]
[studovna.eduxo.cz/v/operacni-systemy/cviceni/rocket-loader.min.html]
[studovna.eduxo.cz/v/operacni-systemy/cviceni/windows-server/rocket-loader.min.html]
[studovna.eduxo.cz/v/operacni-systemy/cviceni/linux/rocket-loader.min.html]
[studovna.eduxo.cz/v/operacni-systemy/cviceni/cviceni-sprava-a-dohled/rocket-loader.min.html]
[studovna.eduxo.cz/v/9azcx0kyxjih/eduxo_logo_v3_rmbg_300.html]
[studovna.eduxo.cz/v/kyberneticka-bezpecnost/kyberneticka-bezpecnost/rocket-loader.min.html]
[studovna.eduxo.cz/v/kyberneticka-bezpecnost/rocket-loader.min.html]
[studovna.eduxo.cz/v/kyberneticka-bezpecnost/uvod-do-kyberneticke-bezpecnosti/rocket-loader.min.html]
[studovna.eduxo.cz/_gitbook/imageb2ab]
[studovna.eduxo.cz/_gitbook/imagea377-2]
[studovna.eduxo.cz/_gitbook/image0631]
[studovna.eduxo.cz/v/kyberneticka-bezpecnost/zakladni-terminologie/rocket-loader.min.html]
[studovna.eduxo.cz/_gitbook/image3772]
[studovna.eduxo.cz/v/kyberneticka-bezpecnost/zakladni-terminologie/principy-kyberneticke-bezpecnosti/rocket-loader.min.html]
[studovna.eduxo.cz/_gitbook/image434d]
[studovna.eduxo.cz/_gitbook/image0985]
[studovna.eduxo.cz/_gitbook/image49e6]
[studovna.eduxo.cz/_gitbook/imagead52]
[studovna.eduxo.cz/_gitbook/imaged32c]
[studovna.eduxo.cz/_gitbook/image0c18]
[studovna.eduxo.cz/_gitbook/imagefab2]
[studovna.eduxo.cz/_gitbook/image26fa]
[studovna.eduxo.cz/_gitbook/image4f13]
[studovna.eduxo.cz/v/kyberneticka-bezpecnost/zakladni-terminologie/kyberkriminalita-a-jeji-projevy/rocket-loader.min.html]
[studovna.eduxo.cz/_gitbook/image1b18]
[studovna.eduxo.cz/v/kyberneticka-bezpecnost/zakladni-terminologie/kyberkriminalita-a-jeji-projevy/gitbook-x-prod.appspot.com/o/collections/qgs6j6amsjiacfltlzwa/icon/l8cd12mt9azcx0kyxjih/eduxo_logo_v3_rmbg_300.html]
[studovna.eduxo.cz/v/kyberneticka-bezpecnost/zakladni-terminologie/kyberkriminalita-a-jeji-projevy/gitbook-x-prod.appspot.com/o/collections/qGS6j6aMSjIacfLTlzwA/icon/L8cd12Mt9azCX0KYxJIH/eduxo_logo_v3_rmbg_300.1b768cf.dela]
[studovna.eduxo.cz/_gitbook/image086d]
[studovna.eduxo.cz/_gitbook/image05ea]
[studovna.eduxo.cz/_gitbook/imagec04c]
[studovna.eduxo.cz/_gitbook/image7211]
[studovna.eduxo.cz/_gitbook/image2972]
[studovna.eduxo.cz/v/kyberneticka-bezpecnost/zakladni-terminologie/csirt-tymy/rocket-loader.min.html]
[studovna.eduxo.cz/v/kyberneticka-bezpecnost/kryptografie/rocket-loader.min.html]
[studovna.eduxo.cz/_gitbook/imagea087]
[studovna.eduxo.cz/_gitbook/imageef93]
[studovna.eduxo.cz/_gitbook/imagecf74]
[studovna.eduxo.cz/_gitbook/imaged652]
[studovna.eduxo.cz/_gitbook/image735a]
[studovna.eduxo.cz/v/kyberneticka-bezpecnost/kryptografie/moderni-kryptografie/rocket-loader.min.html]
[studovna.eduxo.cz/_gitbook/image86cc]
[studovna.eduxo.cz/_gitbook/image1790]
[studovna.eduxo.cz/_gitbook/image3f5c]
[studovna.eduxo.cz/_gitbook/image232b]
[studovna.eduxo.cz/_gitbook/imagec455]
[studovna.eduxo.cz/_gitbook/image99e5]
[studovna.eduxo.cz/_gitbook/imagee045]
[studovna.eduxo.cz/_gitbook/image5cc9]
[studovna.eduxo.cz/_gitbook/image9a5a]
[studovna.eduxo.cz/_gitbook/imagec338]
[studovna.eduxo.cz/v/kyberneticka-bezpecnost/kryptografie/moderni-kryptografie/vyuziti-moderni-kryptografie/rocket-loader.min.html]
[studovna.eduxo.cz/_gitbook/imagebb8b]
[studovna.eduxo.cz/_gitbook/image3425]
[studovna.eduxo.cz/_gitbook/image4326]
[studovna.eduxo.cz/_gitbook/imageb8f6]
[studovna.eduxo.cz/_gitbook/image029e]
[studovna.eduxo.cz/v/kyberneticka-bezpecnost/detekce-a-prevence-sitovych-utoku/rocket-loader.min.html]
[studovna.eduxo.cz/v/kyberneticka-bezpecnost/rizeni-kyberneticke-a-informacni-bezpecnosti/rocket-loader.min.html]
[studovna.eduxo.cz/_gitbook/imagee8d7]
[studovna.eduxo.cz/_gitbook/imagec482]
[studovna.eduxo.cz/_gitbook/imagee0fc]
[studovna.eduxo.cz/v/kyberneticka-bezpecnost/rizeni-kyberneticke-a-informacni-bezpecnosti/analyza-rizik/rocket-loader.min.html]
[studovna.eduxo.cz/_gitbook/image9298]
[studovna.eduxo.cz/_gitbook/image228d]
[studovna.eduxo.cz/_gitbook/image2dc6]
[studovna.eduxo.cz/_gitbook/imagea950]
[studovna.eduxo.cz/_gitbook/image299a]
[studovna.eduxo.cz/_gitbook/imagedd95]
[studovna.eduxo.cz/_gitbook/image2d5e]
[studovna.eduxo.cz/_gitbook/imagedbbb]
[studovna.eduxo.cz/_gitbook/image0037]
[studovna.eduxo.cz/_gitbook/imagec410]
[studovna.eduxo.cz/_gitbook/image4799]
[studovna.eduxo.cz/_gitbook/image8fc4]
[studovna.eduxo.cz/_gitbook/image7c92]
[studovna.eduxo.cz/_gitbook/image178c]
[studovna.eduxo.cz/_gitbook/imageafe7]
[studovna.eduxo.cz/_gitbook/image209f]
[studovna.eduxo.cz/_gitbook/image9bf7]
[studovna.eduxo.cz/_gitbook/imagedea9]
[studovna.eduxo.cz/_gitbook/imageca2b]
[studovna.eduxo.cz/_gitbook/imagecd3e]
[studovna.eduxo.cz/_gitbook/image99db]
[studovna.eduxo.cz/_gitbook/imagebc91]
[studovna.eduxo.cz/_gitbook/imagefe84]
[www.cisecurity.org/dist/cisecurity/img/icons/apple-touch-icon.html]
[studovna.eduxo.cz/v/kyberneticka-bezpecnost/zakladni-terminologie/kyberkriminalita-a-jeji-projevy/gitbook-x-prod.appspot.com/o/collections/qgs6j6amsjiacfltlzwa/icon/l8cd12mt9azcx0kyxjih/eduxo_logo_v3_rmbg_300.html]
[studovna.eduxo.cz/v/kyberneticka-bezpecnost/zakladni-terminologie/kyberkriminalita-a-jeji-projevy/gitbook-x-prod.appspot.com/o/rocket-loader.min.html]
[studovna.eduxo.cz/v/kyberneticka-bezpecnost/zakladni-terminologie/kyberkriminalita-a-jeji-projevy/gitbook-x-prod.appspot.com/o/rocket-loader.min.html]
